TAP version 13
# ❌ Resend Error: {
#   statusCode: 403,
#   name: 'validation_error',
#   message: 'You can only send testing emails to your own email address (grishma.renuka@gmail.com). To send emails to other recipients, please verify a domain at resend.com/domains, and change the `from` address to an email using this domain.'
# }
# {"level":50,"time":1771916693008,"error":{"statusCode":403,"name":"validation_error","message":"You can only send testing emails to your own email address (grishma.renuka@gmail.com). To send emails to other recipients, please verify a domain at resend.com/domains, and change the `from` address to an email using this domain."},"to":"test@example.com","subject":"Verify your email — Technov AI","msg":"Resend API returned error"}
# Subtest: Registration Edge Cases
    # Subtest: Successful registration creates user and tokens
    ok 1 - Successful registration creates user and tokens
      ---
      duration_ms: 1329.055928
      ...
    # Subtest: Fails on existing email
    ok 2 - Fails on existing email
      ---
      duration_ms: 0.262319
      ...
    # Subtest: Fails on missing fields
    ok 3 - Fails on missing fields
      ---
      duration_ms: 0.103478
      ...
    1..3
ok 1 - Registration Edge Cases
  ---
  duration_ms: 1330.336169
  ...
# Subtest: Login Edge Cases
    # Subtest: Successful login returns tokens
    ok 1 - Successful login returns tokens
      ---
      duration_ms: 0.200364
      ...
    # Subtest: Google-only users cannot login with password
    ok 2 - Google-only users cannot login with password
      ---
      duration_ms: 0.152442
      ...
    # Subtest: Invalid credentials
    ok 3 - Invalid credentials
      ---
      duration_ms: 0.114285
      ...
    1..3
ok 2 - Login Edge Cases
  ---
  duration_ms: 0.871096
  ...
# Subtest: Google OAuth Edge Cases
    # Subtest: googleRedirect redirects to authUrl
    ok 1 - googleRedirect redirects to authUrl
      ---
      duration_ms: 0.460773
      ...
    # Subtest: googleCallback registers new user and redirects
    not ok 2 - googleCallback registers new user and redirects
      ---
      duration_ms: 4.984699
      location: '/home/navin/Desktop/grishma/Technov_AI/Technov_backend/tests/auth.test.js:177:13'
      failureType: 'testCodeFailure'
      error: |-
        The expression evaluated to a falsy value:
        
          assert.ok(res.redirectUrl.startsWith('http://localhost:8080/dashboard?accessToken='))
        
      code: 'ERR_ASSERTION'
      name: 'AssertionError'
      expected: true
      actual: false
      operator: '=='
      stack: |-
        TestContext.<anonymous> (file:///home/navin/Desktop/grishma/Technov_AI/Technov_backend/tests/auth.test.js:185:16)
        process.processTicksAndRejections (node:internal/process/task_queues:95:5)
        async Test.run (node:internal/test_runner/test:797:9)
        async TestContext.<anonymous> (file:///home/navin/Desktop/grishma/Technov_AI/Technov_backend/tests/auth.test.js:177:5)
        async Test.run (node:internal/test_runner/test:797:9)
        async Test.processPendingSubtests (node:internal/test_runner/test:526:7)
      ...
    # Subtest: googleCallback links existing email account
    not ok 3 - googleCallback links existing email account
      ---
      duration_ms: 0.592604
      location: '/home/navin/Desktop/grishma/Technov_AI/Technov_backend/tests/auth.test.js:188:13'
      failureType: 'testCodeFailure'
      error: |-
        Expected values to be strictly equal:
        
        false !== true
        
      code: 'ERR_ASSERTION'
      name: 'AssertionError'
      expected: true
      actual: false
      operator: 'strictEqual'
      stack: |-
        TestContext.<anonymous> (file:///home/navin/Desktop/grishma/Technov_AI/Technov_backend/tests/auth.test.js:201:16)
        process.processTicksAndRejections (node:internal/process/task_queues:95:5)
        async Test.run (node:internal/test_runner/test:797:9)
        async TestContext.<anonymous> (file:///home/navin/Desktop/grishma/Technov_AI/Technov_backend/tests/auth.test.js:188:5)
        async Test.run (node:internal/test_runner/test:797:9)
        async Test.processPendingSubtests (node:internal/test_runner/test:526:7)
      ...
    # Subtest: googleCallback fails gracefully if no email in payload
    ok 4 - googleCallback fails gracefully if no email in payload
      ---
      duration_ms: 0.209773
      ...
    # Subtest: googleCallback redirects to login on error
    ok 5 - googleCallback redirects to login on error
      ---
      duration_ms: 0.182956
      ...
    1..5
not ok 3 - Google OAuth Edge Cases
  ---
  duration_ms: 7.148016
  location: '/home/navin/Desktop/grishma/Technov_AI/Technov_backend/tests/auth.test.js:167:1'
  failureType: 'subtestsFailed'
  error: '2 subtests failed'
  code: 'ERR_TEST_FAILURE'
  ...
# {"level":50,"time":1771916693009,"err":{"type":"Error","message":"You can only send testing emails to your own email address (grishma.renuka@gmail.com). To send emails to other recipients, please verify a domain at resend.com/domains, and change the `from` address to an email using this domain.","stack":"Error: You can only send testing emails to your own email address (grishma.renuka@gmail.com). To send emails to other recipients, please verify a domain at resend.com/domains, and change the `from` address to an email using this domain.\\n    at sendEmail (file:///home/navin/Desktop/grishma/Technov_AI/Technov_backend/src/services/emailService.js:42:19)\\n    at process.processTicksAndRejections (node:internal/process/task_queues:95:5)\\n    at async register (file:///home/navin/Desktop/grishma/Technov_AI/Technov_backend/src/controllers/authController.js:54:13)\\n    at async TestContext.<anonymous> (file:///home/navin/Desktop/grishma/Technov_AI/Technov_backend/tests/auth.test.js:89:9)\\n    at async Test.run (node:internal/test_runner/test:797:9)\\n    at async TestContext.<anonymous> (file:///home/navin/Desktop/grishma/Technov_AI/Technov_backend/tests/auth.test.js:82:5)\\n    at async Test.run (node:internal/test_runner/test:797:9)\\n    at async Test.processPendingSubtests (node:internal/test_runner/test:526:7)"},"to":"test@example.com","subject":"Verify your email — Technov AI","msg":"Failed to send email"}
# {"level":50,"time":1771916693009,"error":{},"userId":"mock-user-id","email":"test@example.com","details":"You can only send testing emails to your own email address (grishma.renuka@gmail.com). To send emails to other recipients, please verify a domain at resend.com/domains, and change the `from` address to an email using this domain.","msg":"Failed to send verification email"}
# {"level":50,"time":1771916693012,"error":"Cannot read properties of undefined (reading 'sub')","msg":"Google OAuth callback failed"}
# {"level":50,"time":1771916693017,"error":"Cannot read properties of undefined (reading 'sub')","msg":"Google OAuth callback failed"}
# {"level":50,"time":1771916693018,"error":"Invalid code","msg":"Google OAuth callback failed"}
1..3
# tests 14
# suites 0
# pass 11
# fail 3
# cancelled 0
# skipped 0
# todo 0
# duration_ms 1542.366468
